Archive member included to satisfy reference by file (symbol)

/nfs/site/disks/xne_abc_fe_002/fw_tools/RI-2022.9-linux/hwc_adc_lx7/xtensa-elf/lib//libc.a(clibrary_init.o)
                              /nfs/site/disks/xne_abc_fe_002/fw_tools/RI-2022.9-linux/hwc_adc_lx7/xtensa-elf/arch/lib/crt1-boards.o (__clibrary_init)
/nfs/site/disks/xne_abc_fe_002/fw_tools/RI-2022.9-linux/hwc_adc_lx7/xtensa-elf/lib//libc.a(xtensa_exit.o)
                              /nfs/site/disks/xne_abc_fe_002/fw_tools/RI-2022.9-linux/hwc_adc_lx7/xtensa-elf/arch/lib/crt1-boards.o (exit)
/nfs/site/disks/xne_abc_fe_002/fw_tools/RI-2022.9-linux/hwc_adc_lx7/xtensa-elf/lib//libc.a(reent_bss.o)
                              /nfs/site/disks/xne_abc_fe_002/fw_tools/RI-2022.9-linux/hwc_adc_lx7/xtensa-elf/arch/lib/crt1-boards.o (_init_reent_bss)
/nfs/site/disks/xne_abc_fe_002/fw_tools/RI-2022.9-linux/hwc_adc_lx7/xtensa-elf/lib//libc.a(xexit.o)
                              /nfs/site/disks/xne_abc_fe_002/fw_tools/RI-2022.9-linux/hwc_adc_lx7/xtensa-elf/lib//libc.a(xtensa_exit.o) (_Exit)
/nfs/site/disks/xne_abc_fe_002/fw_tools/RI-2022.9-linux/hwc_adc_lx7/xtensa-elf/lib//libc.a(environ.o)
                              /nfs/site/disks/xne_abc_fe_002/fw_tools/RI-2022.9-linux/hwc_adc_lx7/xtensa-elf/lib//libc.a(clibrary_init.o) (environ)
/nfs/site/disks/xne_abc_fe_002/fw_tools/RI-2022.9-linux/hwc_adc_lx7/xtensa-elf/arch/lib//libreftb.a(xt_reftb.o)
                              /nfs/site/disks/xne_abc_fe_002/fw_tools/RI-2022.9-linux/hwc_adc_lx7/xtensa-elf/arch/lib/crt1-boards.o (_exit)
/nfs/site/disks/xne_abc_fe_002/fw_tools/RI-2022.9-linux/hwc_adc_lx7/xtensa-elf/arch/lib//libreftb.a(xt_reftb_defs.o)
                              /nfs/site/disks/xne_abc_fe_002/fw_tools/RI-2022.9-linux/hwc_adc_lx7/xtensa-elf/arch/lib//libreftb.a(xt_reftb.o) (_reftb_exit_location)
/nfs/site/disks/xne_abc_fe_002/fw_tools/RI-2022.9-linux/hwc_adc_lx7/xtensa-elf/arch/lib//libminrt.a(board_init.o)
                              /nfs/site/disks/xne_abc_fe_002/fw_tools/RI-2022.9-linux/hwc_adc_lx7/xtensa-elf/arch/lib/crt1-boards.o (board_init)
/nfs/site/disks/xne_abc_fe_002/fw_tools/RI-2022.9-linux/hwc_adc_lx7/xtensa-elf/arch/lib//libhandler-reset.a(reset-vector.o)
                              (_ResetVector)
/nfs/site/disks/xne_abc_fe_002/fw_tools/RI-2022.9-linux/hwc_adc_lx7/xtensa-elf/arch/lib//libhandlers-board.a(debug-vector.o)
                              /nfs/site/disks/xne_abc_fe_002/fw_tools/RI-2022.9-linux/hwc_adc_lx7/xtensa-elf/arch/lib/_vectors.o (_DebugExceptionVector)
/nfs/site/disks/xne_abc_fe_002/fw_tools/RI-2022.9-linux/hwc_adc_lx7/xtensa-elf/arch/lib//libhandlers-board.a(double-vector.o)
                              /nfs/site/disks/xne_abc_fe_002/fw_tools/RI-2022.9-linux/hwc_adc_lx7/xtensa-elf/arch/lib/_vectors.o (_DoubleExceptionVector)
/nfs/site/disks/xne_abc_fe_002/fw_tools/RI-2022.9-linux/hwc_adc_lx7/xtensa-elf/arch/lib//libhandlers-board.a(kernel-vector.o)
                              /nfs/site/disks/xne_abc_fe_002/fw_tools/RI-2022.9-linux/hwc_adc_lx7/xtensa-elf/arch/lib/_vectors.o (_KernelExceptionVector)
/nfs/site/disks/xne_abc_fe_002/fw_tools/RI-2022.9-linux/hwc_adc_lx7/xtensa-elf/arch/lib//libhandlers-board.a(memctl_default.o)
                              /nfs/site/disks/xne_abc_fe_002/fw_tools/RI-2022.9-linux/hwc_adc_lx7/xtensa-elf/arch/lib//libhandler-reset.a(reset-vector.o) (__memctl_default_post)
/nfs/site/disks/xne_abc_fe_002/fw_tools/RI-2022.9-linux/hwc_adc_lx7/xtensa-elf/arch/lib//libhandlers-board.a(xtos-interrupt-enable.o)
                              /nfs/site/disks/zsc14.xne_abc_fe_001/users/chandrbi/emulval_0p8_17Jun/abc_emul-srvrgen4/src/rcs_fw/out/ana/hw/ana_isr.o (xtos_interrupt_enable)
/nfs/site/disks/xne_abc_fe_002/fw_tools/RI-2022.9-linux/hwc_adc_lx7/xtensa-elf/arch/lib//libhandlers-board.a(xtos-interrupt-disable.o)
                              /nfs/site/disks/zsc14.xne_abc_fe_001/users/chandrbi/emulval_0p8_17Jun/abc_emul-srvrgen4/src/rcs_fw/out/ana/hw/ana_isr.o (xtos_interrupt_disable)
/nfs/site/disks/xne_abc_fe_002/fw_tools/RI-2022.9-linux/hwc_adc_lx7/xtensa-elf/arch/lib//libhandlers-board.a(xtos-set-inthandler.o)
                              /nfs/site/disks/zsc14.xne_abc_fe_001/users/chandrbi/emulval_0p8_17Jun/abc_emul-srvrgen4/src/rcs_fw/out/ana/hw/ana_isr.o (xtos_set_interrupt_handler)
/nfs/site/disks/xne_abc_fe_002/fw_tools/RI-2022.9-linux/hwc_adc_lx7/xtensa-elf/arch/lib//libhandlers-board.a(interrupt-table.o)
                              /nfs/site/disks/xne_abc_fe_002/fw_tools/RI-2022.9-linux/hwc_adc_lx7/xtensa-elf/arch/lib//libhandlers-board.a(xtos-interrupt-enable.o) (xtos_enabled)
/nfs/site/disks/xne_abc_fe_002/fw_tools/RI-2022.9-linux/hwc_adc_lx7/xtensa-elf/arch/lib//libhandlers-board.a(memerror-vector-S--handler-.o)
                              /nfs/site/disks/xne_abc_fe_002/fw_tools/RI-2022.9-linux/hwc_adc_lx7/xtensa-elf/arch/lib//libhandlers-board.a(kernel-vector.o) (_MemErrorHandler)
[...]
Memory Configuration

Name             Origin          Length          Used            Unused          Attributes
dram0_0_seg      0x00010000      0x000001d0      0x000001c4      0x0000000c      
dram0_1_seg      0x000101d0      0x00000080      0x00000000      0x00000080      
dram0_2_seg      0x00010250      0x000026c0      0x00000830      0x00001e90      
dram0_4_seg      0x00012d00      0x0000d300      0x0000d300      0x00000000      
iram0_0_seg      0x00020000      0x00000300      0x0000014c      0x000001b4      
iram0_1_seg      0x00020300      0x00000030      0x00000004      0x0000002c      
iram0_2_seg      0x00020330      0x00000180      0x00000024      0x0000015c      
iram0_4_seg      0x00020800      0x00000178      0x0000016c      0x0000000c      
iram0_5_seg      0x00020978      0x00000008      0x00000000      0x00000008      
iram0_6_seg      0x00020980      0x00000038      0x00000008      0x00000030      
iram0_7_seg      0x000209b8      0x00000008      0x00000000      0x00000008      
iram0_8_seg      0x000209c0      0x00000038      0x0000000c      0x0000002c      
iram0_9_seg      0x000209f8      0x00000008      0x00000000      0x00000008      
iram0_10_seg     0x00020a00      0x00000038      0x00000004      0x00000034      
iram0_11_seg     0x00020a38      0x00000008      0x00000000      0x00000008      
iram0_12_seg     0x00020a40      0x00000038      0x00000010      0x00000028      
iram0_13_seg     0x00020a78      0x00000008      0x00000004      0x00000004      
iram0_14_seg     0x00020a80      0x00000038      0x00000018      0x00000020      
iram0_15_seg     0x00020ab8      0x00000048      0x00000000      0x00000048      
iram0_16_seg     0x00020b00      0x00000040      0x00000008      0x00000038      
iram0_17_seg     0x00020b40      0x0000f4c0      0x00002c8c      0x0000c834      
sram0_seg        0x00030000      0x00020000      0x00000000      0x00020000      
*default*        0x00000000      0xffffffff      
