Archive member included to satisfy reference by file (symbol)

/nfs/site/disks/xne_abc_fe_002/fw_tools/RJ-2023.2-linux/HWC_RCS_LX7_0p5_RJ2/xtensa-elf/lib//libc.a(memcpy.o)
                              /nfs/site/disks/zsc14.xne_abc_fe_001/users/chandrbi/emulval_0p8_17Jun/abc_emul-srvrgen4/src/rcs_fw/out/rx/hw/com_queue.o (memcpy)
/nfs/site/disks/xne_abc_fe_002/fw_tools/RJ-2023.2-linux/HWC_RCS_LX7_0p5_RJ2/xtensa-elf/lib//libc.a(memset.o)
                              /nfs/site/disks/zsc14.xne_abc_fe_001/users/chandrbi/emulval_0p8_17Jun/abc_emul-srvrgen4/src/rcs_fw/out/rx/hw/com_error.o (memset)
/nfs/site/disks/xne_abc_fe_002/fw_tools/RJ-2023.2-linux/HWC_RCS_LX7_0p5_RJ2/xtensa-elf/lib/xcc//libgcc.a(_muldf3.o)
                              /nfs/site/disks/zsc14.xne_abc_fe_001/users/chandrbi/emulval_0p8_17Jun/abc_emul-srvrgen4/src/rcs_fw/out/rx/hw/com_swg.o (__muldf3)
/nfs/site/disks/xne_abc_fe_002/fw_tools/RJ-2023.2-linux/HWC_RCS_LX7_0p5_RJ2/xtensa-elf/lib/xcc//libgcc.a(_fixunsdfdi.o)
                              /nfs/site/disks/zsc14.xne_abc_fe_001/users/chandrbi/emulval_0p8_17Jun/abc_emul-srvrgen4/src/rcs_fw/out/rx/hw/com_swg.o (__fixunsdfdi)
/nfs/site/disks/xne_abc_fe_002/fw_tools/RJ-2023.2-linux/HWC_RCS_LX7_0p5_RJ2/xtensa-elf/lib/xcc//libgcc.a(_floatsidf.o)
                              /nfs/site/disks/zsc14.xne_abc_fe_001/users/chandrbi/emulval_0p8_17Jun/abc_emul-srvrgen4/src/rcs_fw/out/rx/hw/com_swg.o (__floatunsidf)
/nfs/site/disks/xne_abc_fe_002/fw_tools/RJ-2023.2-linux/HWC_RCS_LX7_0p5_RJ2/xtensa-elf/lib/xcc//libgcc.a(_muldi3.o)
                              /nfs/site/disks/zsc14.xne_abc_fe_001/users/chandrbi/emulval_0p8_17Jun/abc_emul-srvrgen4/src/rcs_fw/out/rx/hw/com_swg.o (__muldi3)
/nfs/site/disks/xne_abc_fe_002/fw_tools/RJ-2023.2-linux/HWC_RCS_LX7_0p5_RJ2/xtensa-elf/lib/xcc//libgcc.a(_udivdi3.o)
                              /nfs/site/disks/zsc14.xne_abc_fe_001/users/chandrbi/emulval_0p8_17Jun/abc_emul-srvrgen4/src/rcs_fw/out/rx/hw/com_swg.o (__udivdi3)
/nfs/site/disks/xne_abc_fe_002/fw_tools/RJ-2023.2-linux/HWC_RCS_LX7_0p5_RJ2/xtensa-elf/lib/xcc//libgcc.a(softfloat_div_df.o)
                              /nfs/site/disks/zsc14.xne_abc_fe_001/users/chandrbi/emulval_0p8_17Jun/abc_emul-srvrgen4/src/rcs_fw/out/rx/hw/com_swg.o (__divdf3)
/nfs/site/disks/xne_abc_fe_002/fw_tools/RJ-2023.2-linux/HWC_RCS_LX7_0p5_RJ2/xtensa-elf/lib/xcc//libgcc.a(_umulsidi3.o)
                              /nfs/site/disks/xne_abc_fe_002/fw_tools/RJ-2023.2-linux/HWC_RCS_LX7_0p5_RJ2/xtensa-elf/lib/xcc//libgcc.a(_muldi3.o) (__umulsidi3)
/nfs/site/disks/xne_abc_fe_002/fw_tools/RJ-2023.2-linux/HWC_RCS_LX7_0p5_RJ2/xtensa-elf/lib/xcc//libgcc.a(softfloat_cmn.o)
                              /nfs/site/disks/xne_abc_fe_002/fw_tools/RJ-2023.2-linux/HWC_RCS_LX7_0p5_RJ2/xtensa-elf/lib/xcc//libgcc.a(softfloat_div_df.o) (__float_exception_flags)
/nfs/site/disks/xne_abc_fe_002/fw_tools/RJ-2023.2-linux/HWC_RCS_LX7_0p5_RJ2/xtensa-elf/lib/xcc//libgcc.a(softfloat_cmn_df.o)
                              /nfs/site/disks/xne_abc_fe_002/fw_tools/RJ-2023.2-linux/HWC_RCS_LX7_0p5_RJ2/xtensa-elf/lib/xcc//libgcc.a(softfloat_div_df.o) (__propagateFloat64NaN)
/nfs/site/disks/xne_abc_fe_002/fw_tools/RJ-2023.2-linux/HWC_RCS_LX7_0p5_RJ2/xtensa-elf/lib/xcc//libgcc.a(softfloat_cmn_div.o)
                              /nfs/site/disks/xne_abc_fe_002/fw_tools/RJ-2023.2-linux/HWC_RCS_LX7_0p5_RJ2/xtensa-elf/lib/xcc//libgcc.a(softfloat_div_df.o) (__estimateDiv64To32)
/nfs/site/disks/xne_abc_fe_002/fw_tools/RJ-2023.2-linux/HWC_RCS_LX7_0p5_RJ2/xtensa-elf/arch/lib//libhandlers-board.a(debug-vector.o)
                              /nfs/site/disks/xne_abc_fe_002/fw_tools/RJ-2023.2-linux/HWC_RCS_LX7_0p5_RJ2/xtensa-elf/arch/lib/_vectors.o (_DebugExceptionVector)
/nfs/site/disks/xne_abc_fe_002/fw_tools/RJ-2023.2-linux/HWC_RCS_LX7_0p5_RJ2/xtensa-elf/arch/lib//libhandlers-board.a(reset-vector-unpack.o)
                              (_ResetVector)
/nfs/site/disks/xne_abc_fe_002/fw_tools/RJ-2023.2-linux/HWC_RCS_LX7_0p5_RJ2/xtensa-elf/arch/lib//libhandlers-board.a(memctl_default.o)
                              /nfs/site/disks/xne_abc_fe_002/fw_tools/RJ-2023.2-linux/HWC_RCS_LX7_0p5_RJ2/xtensa-elf/arch/lib//libhandlers-board.a(reset-vector-unpack.o) (__memctl_default)
/nfs/site/disks/xne_abc_fe_002/fw_tools/RJ-2023.2-linux/HWC_RCS_LX7_0p5_RJ2/xtensa-elf/arch/lib//libhandlers-board.a(xtos-interrupt-enable.o)
                              /nfs/site/disks/zsc14.xne_abc_fe_001/users/chandrbi/emulval_0p8_17Jun/abc_emul-srvrgen4/src/rcs_fw/out/rx/hw/com_isr.o (xtos_interrupt_enable)
/nfs/site/disks/xne_abc_fe_002/fw_tools/RJ-2023.2-linux/HWC_RCS_LX7_0p5_RJ2/xtensa-elf/arch/lib//libhandlers-board.a(xtos-interrupt-disable.o)
                              /nfs/site/disks/zsc14.xne_abc_fe_001/users/chandrbi/emulval_0p8_17Jun/abc_emul-srvrgen4/src/rcs_fw/out/rx/hw/com_isr.o (xtos_interrupt_disable)
[...]
Memory Configuration

Name             Origin          Length          Used            Unused          Attributes
srom0_seg        0x00000000      0x00020000      0x00000008      0x0001fff8      
sram0_0_seg      0x00200000      0x00004000      0x00000000      0x00004000      
sram0_1_seg      0x00204000      0x0000c000      0x00000000      0x0000c000      
sram0_2_seg      0x00210000      0x00008000      0x00000000      0x00008000      
sram0_3_seg      0x00218000      0x00008000      0x00000000      0x00008000      
sram0_4_seg      0x00220000      0x00008000      0x00000000      0x00008000      
sram0_5_seg      0x00228000      0x00008000      0x00000000      0x00008000      
sram0_6_seg      0x00230000      0x0000ffeb      0x00000000      0x0000ffeb      
sram0_7_seg      0x0023ffec      0x00000004      0x00000000      0x00000004      
sram0_8_seg      0x0023fff0      0x00000004      0x00000000      0x00000004      
sram0_9_seg      0x0023fff4      0x00000004      0x00000000      0x00000004      
sram0_10_seg     0x0023fff8      0x00000004      0x00000000      0x00000004      
sram0_11_seg     0x0023fffc      0x00000004      0x00000000      0x00000004      
iram0_0_seg      0x10000000      0x00000300      0x000001b4      0x0000014c      
iram0_1_seg      0x10000300      0x00000030      0x00000000      0x00000030      
iram0_2_seg      0x10000330      0x00000180      0x00000028      0x00000158      
iram0_4_seg      0x10000800      0x00000178      0x0000016c      0x0000000c      
iram0_5_seg      0x10000978      0x00000008      0x00000000      0x00000008      
iram0_6_seg      0x10000980      0x00000038      0x00000008      0x00000030      
iram0_7_seg      0x100009b8      0x00000008      0x00000000      0x00000008      
iram0_8_seg      0x100009c0      0x00000038      0x00000008      0x00000030      
iram0_9_seg      0x100009f8      0x00000008      0x00000000      0x00000008      
iram0_10_seg     0x10000a00      0x00000038      0x00000008      0x00000030      
iram0_11_seg     0x10000a38      0x00000008      0x00000008      0x00000000      
iram0_12_seg     0x10000a40      0x00000038      0x00000034      0x00000004      
iram0_13_seg     0x10000a78      0x00000008      0x00000000      0x00000008      
iram0_14_seg     0x10000a80      0x00000038      0x00000004      0x00000034      
iram0_15_seg     0x10000ab8      0x00000008      0x00000008      0x00000000      
iram0_16_seg     0x10000ac0      0x00000038      0x00000028      0x00000010      
iram0_17_seg     0x10000af8      0x00000008      0x00000004      0x00000004      
iram0_18_seg     0x10000b00      0x00000038      0x0000001c      0x0000001c      
iram0_19_seg     0x10000b38      0x00000048      0x00000008      0x00000040      
iram0_20_seg     0x10000b80      0x00000040      0x00000028      0x00000018      
iram0_21_seg     0x10000bc0      0x0001f440      0x00004df4      0x0001a64c      
dram0_0_seg      0x10020000      0x00004000      0x00000424      0x00003bdc      
dram0_1_seg      0x10024000      0x00019000      0x00002250      0x00016db0      
*default*        0x00000000      0xffffffff      
