Archive member included to satisfy reference by file (symbol)

/nfs/site/disks/xne_abc_fe_002/fw_tools/RJ-2023.2-linux/HWC_RCS_LX7_0p5_RJ2/xtensa-elf/arch/lib//libhandlers-board.a(debug-vector.o)
                              /nfs/site/disks/xne_abc_fe_002/fw_tools/RJ-2023.2-linux/HWC_RCS_LX7_0p5_RJ2/xtensa-elf/arch/lib/_vectors.o (_DebugExceptionVector)
/nfs/site/disks/xne_abc_fe_002/fw_tools/RJ-2023.2-linux/HWC_RCS_LX7_0p5_RJ2/xtensa-elf/arch/lib//libhandlers-board.a(double-vector.o)
                              /nfs/site/disks/xne_abc_fe_002/fw_tools/RJ-2023.2-linux/HWC_RCS_LX7_0p5_RJ2/xtensa-elf/arch/lib/_vectors.o (_DoubleExceptionVector)
/nfs/site/disks/xne_abc_fe_002/fw_tools/RJ-2023.2-linux/HWC_RCS_LX7_0p5_RJ2/xtensa-elf/arch/lib//libhandlers-board.a(kernel-vector.o)
                              /nfs/site/disks/xne_abc_fe_002/fw_tools/RJ-2023.2-linux/HWC_RCS_LX7_0p5_RJ2/xtensa-elf/arch/lib/_vectors.o (_KernelExceptionVector)
/nfs/site/disks/xne_abc_fe_002/fw_tools/RJ-2023.2-linux/HWC_RCS_LX7_0p5_RJ2/xtensa-elf/arch/lib//libhandlers-board.a(reset-vector-unpack.o)
                              (_ResetVector)
/nfs/site/disks/xne_abc_fe_002/fw_tools/RJ-2023.2-linux/HWC_RCS_LX7_0p5_RJ2/xtensa-elf/arch/lib//libhandlers-board.a(memctl_default.o)
                              /nfs/site/disks/xne_abc_fe_002/fw_tools/RJ-2023.2-linux/HWC_RCS_LX7_0p5_RJ2/xtensa-elf/arch/lib//libhandlers-board.a(reset-vector-unpack.o) (__memctl_default)
/nfs/site/disks/xne_abc_fe_002/fw_tools/RJ-2023.2-linux/HWC_RCS_LX7_0p5_RJ2/xtensa-elf/arch/lib//libhandlers-board.a(memerror-vector-S--handler-.o)
                              /nfs/site/disks/xne_abc_fe_002/fw_tools/RJ-2023.2-linux/HWC_RCS_LX7_0p5_RJ2/xtensa-elf/arch/lib//libhandlers-board.a(kernel-vector.o) (_MemErrorHandler)
/nfs/site/disks/xne_abc_fe_002/fw_tools/RJ-2023.2-linux/HWC_RCS_LX7_0p5_RJ2/xtensa-elf/arch/lib//libhandlers-board.a(memerror-vector-S--vector-.o)
                              /nfs/site/disks/xne_abc_fe_002/fw_tools/RJ-2023.2-linux/HWC_RCS_LX7_0p5_RJ2/xtensa-elf/arch/lib/_vectors.o (_MemErrorVector)
/nfs/site/disks/xne_abc_fe_002/fw_tools/RJ-2023.2-linux/HWC_RCS_LX7_0p5_RJ2/xtensa-elf/arch/lib//libhandlers-board.a(nmi-vector.o)
                              /nfs/site/disks/xne_abc_fe_002/fw_tools/RJ-2023.2-linux/HWC_RCS_LX7_0p5_RJ2/xtensa-elf/arch/lib/_vectors.o (_NMIExceptionVector)
/nfs/site/disks/xne_abc_fe_002/fw_tools/RJ-2023.2-linux/HWC_RCS_LX7_0p5_RJ2/xtensa-elf/arch/lib//libhandlers-board.a(user-vector.o)
                              /nfs/site/disks/xne_abc_fe_002/fw_tools/RJ-2023.2-linux/HWC_RCS_LX7_0p5_RJ2/xtensa-elf/arch/lib/_vectors.o (_UserExceptionVector)
/nfs/site/disks/xne_abc_fe_002/fw_tools/RJ-2023.2-linux/HWC_RCS_LX7_0p5_RJ2/xtensa-elf/arch/lib//libhandlers-board.a(window-vectors.o)
                              /nfs/site/disks/xne_abc_fe_002/fw_tools/RJ-2023.2-linux/HWC_RCS_LX7_0p5_RJ2/xtensa-elf/arch/lib/_vectors.o (_WindowOverflow4)
/nfs/site/disks/xne_abc_fe_002/fw_tools/RJ-2023.2-linux/HWC_RCS_LX7_0p5_RJ2/xtensa-elf/arch/lib//libhandlers-board.a(int-vector-level2.o)
                              /nfs/site/disks/xne_abc_fe_002/fw_tools/RJ-2023.2-linux/HWC_RCS_LX7_0p5_RJ2/xtensa-elf/arch/lib/_vectors.o (_Level2Vector)
/nfs/site/disks/xne_abc_fe_002/fw_tools/RJ-2023.2-linux/HWC_RCS_LX7_0p5_RJ2/xtensa-elf/arch/lib//libhandlers-board.a(int-vector-level3.o)
                              /nfs/site/disks/xne_abc_fe_002/fw_tools/RJ-2023.2-linux/HWC_RCS_LX7_0p5_RJ2/xtensa-elf/arch/lib/_vectors.o (_Level3Vector)
/nfs/site/disks/xne_abc_fe_002/fw_tools/RJ-2023.2-linux/HWC_RCS_LX7_0p5_RJ2/xtensa-elf/arch/lib//libhandlers-board.a(int-vector-level4.o)
                              /nfs/site/disks/xne_abc_fe_002/fw_tools/RJ-2023.2-linux/HWC_RCS_LX7_0p5_RJ2/xtensa-elf/arch/lib/_vectors.o (_Level4Vector)
/nfs/site/disks/xne_abc_fe_002/fw_tools/RJ-2023.2-linux/HWC_RCS_LX7_0p5_RJ2/xtensa-elf/arch/lib//libhandlers-board.a(int-handler-level2.o)
                              /nfs/site/disks/xne_abc_fe_002/fw_tools/RJ-2023.2-linux/HWC_RCS_LX7_0p5_RJ2/xtensa-elf/arch/lib//libhandlers-board.a(int-vector-level2.o) (_Level2FromVector)
/nfs/site/disks/xne_abc_fe_002/fw_tools/RJ-2023.2-linux/HWC_RCS_LX7_0p5_RJ2/xtensa-elf/arch/lib//libhandlers-board.a(int-handler-level3.o)
                              /nfs/site/disks/xne_abc_fe_002/fw_tools/RJ-2023.2-linux/HWC_RCS_LX7_0p5_RJ2/xtensa-elf/arch/lib//libhandlers-board.a(int-vector-level3.o) (_Level3FromVector)
/nfs/site/disks/xne_abc_fe_002/fw_tools/RJ-2023.2-linux/HWC_RCS_LX7_0p5_RJ2/xtensa-elf/arch/lib//libhandlers-board.a(int-handler-level4.o)
                              /nfs/site/disks/xne_abc_fe_002/fw_tools/RJ-2023.2-linux/HWC_RCS_LX7_0p5_RJ2/xtensa-elf/arch/lib//libhandlers-board.a(int-vector-level4.o) (_Level4FromVector)
/nfs/site/disks/xne_abc_fe_002/fw_tools/RJ-2023.2-linux/HWC_RCS_LX7_0p5_RJ2/xtensa-elf/arch/lib//libhandlers-board.a(int-lowpri-dispatcher.o)
[...]
Memory Configuration

Name             Origin          Length          Used            Unused          Attributes
sram0_0_seg      0x00200000      0x00001000      0x00000204      0x00000dfc      
iram0_0_seg      0x10000000      0x00000300      0x000001b4      0x0000014c      
iram0_1_seg      0x10000300      0x00000030      0x00000000      0x00000030      
iram0_2_seg      0x10000330      0x00000180      0x00000028      0x00000158      
iram0_4_seg      0x10000800      0x00000178      0x0000016c      0x0000000c      
iram0_5_seg      0x10000978      0x00000008      0x00000000      0x00000008      
iram0_6_seg      0x10000980      0x00000038      0x00000008      0x00000030      
iram0_7_seg      0x100009b8      0x00000008      0x00000000      0x00000008      
iram0_8_seg      0x100009c0      0x00000038      0x00000008      0x00000030      
iram0_9_seg      0x100009f8      0x00000008      0x00000000      0x00000008      
iram0_10_seg     0x10000a00      0x00000038      0x00000008      0x00000030      
iram0_11_seg     0x10000a38      0x00000008      0x00000000      0x00000008      
iram0_12_seg     0x10000a40      0x00000038      0x0000000c      0x0000002c      
iram0_13_seg     0x10000a78      0x00000008      0x00000000      0x00000008      
iram0_14_seg     0x10000a80      0x00000038      0x00000004      0x00000034      
iram0_15_seg     0x10000ab8      0x00000008      0x00000000      0x00000008      
iram0_16_seg     0x10000ac0      0x00000038      0x00000010      0x00000028      
iram0_17_seg     0x10000af8      0x00000008      0x00000004      0x00000004      
iram0_18_seg     0x10000b00      0x00000038      0x00000018      0x00000020      
iram0_19_seg     0x10000b38      0x00000048      0x00000000      0x00000048      
iram0_20_seg     0x10000b80      0x00000040      0x00000008      0x00000038      
iram0_21_seg     0x10000bc0      0x0000f440      0x0000054c      0x0000eef4      
dram0_0_seg      0x10020000      0x0001c000      0x00000880      0x0001b780      
*default*        0x00000000      0xffffffff      
