+--------------------------------------+-------------------------------------------------------------------------------------------------------------------------------------------------------------------------------------------------------+
|                STAGE                 |                                                                                               DEPENDENCY                                                                                              |
+--------------------------------------+-------------------------------------------------------------------------------------------------------------------------------------------------------------------------------------------------------+
|            abc_emul.start            |                                                                                                                                                                                                       |
|      abc_emul.gen_download_dir       |                                                                                             abc_emul.start                                                                                            |
|         abc_emul.clean_subip         |                                                                                       abc_emul.gen_download_dir                                                                                       |
|            abc_emul.moab             |                                                                                          abc_emul.clean_subip                                                                                         |
|          abc_emul.complete           |                                                                                     abcn5.complete, abc78.complete                                                                                    |
|             abcn5.start              |                                                                                             abc_emul.moab                                                                                             |
|            abcn5.complete            |                                                                                              abcn5.start                                                                                              |
|             abc78.start              |                                                                                             abc_emul.moab                                                                                             |
|      abc78.rcs_firmware_compile      |                                                                                              abc78.start                                                                                              |
|    abc78.rcs_lx7_tx_idma_iss_test    |                                                                                       abc78.rcs_firmware_compile                                                                                      |
|    abc78.rcs_lx7_tx_bfn_iss_test     |                                                                                       abc78.rcs_firmware_compile                                                                                      |
|   abc78.rcs_lx7_tx_queue_iss_test    |                                                                                       abc78.rcs_firmware_compile                                                                                      |
|   abc78.rcs_lx7_tx_timing_iss_test   |                                                                                       abc78.rcs_firmware_compile                                                                                      |
| abc78.rcs_lx7_tx_msghandler_iss_test |                                                                                       abc78.rcs_firmware_compile                                                                                      |
|    abc78.rcs_kp1_sample_iss_test     |                                                                                       abc78.rcs_firmware_compile                                                                                      |
|            abc78.complete            | abc78.rcs_lx7_tx_idma_iss_test, abc78.rcs_lx7_tx_bfn_iss_test, abc78.rcs_lx7_tx_queue_iss_test, abc78.rcs_lx7_tx_timing_iss_test, abc78.rcs_lx7_tx_msghandler_iss_test, abc78.rcs_kp1_sample_iss_test |
+--------------------------------------+-------------------------------------------------------------------------------------------------------------------------------------------------------------------------------------------------------+