/* Statistics file  */

Data Memory Usage:
memory      address    size       variable
------------------------------------------
bp_config   
                       -------------------
                       0x0        <total>
                       0x10000    <unused>
------------------------------------------
bp_dmem     
                       -------------------
                       0x0        <total>
                       0x4000     <unused>
------------------------------------------
simd0_vmem  
            0x0        0x180      vinput
                       -------------------
                       0x180      <total>
                       0xFE80     <unused>
------------------------------------------
simd0_lutmem
                       -------------------
                       0x0        <total>
                       0x1000     <unused>
------------------------------------------
total memory used: 0x180



Function Usage:
start    end      function
------------------------------------------
0x0        0x1        vex2rcs_prog_entry
0x2        0x3        vex2rcs_prog
------------------------------------------
total number of functions: 2



View Usage:
  ve32:
    width:            386
    issue slots:      6
    program words:    4
    operation stages: 0

total used program words: 4

